13863
7 19 47 48 73 86 98 118 136 154 173 187 195 209 222 232 245 269
