5 1: Win
5 2: Win
5 3: Win
5 4: Win
5 5: Lose
5 6: Win
5 7: Win
5 8: Win
5 9: Win
5 10: Lose
5 11: Win
5 12: Lose
5 13: Lose
5 14: Win
5 15: Win
5 16: Lose
5 17: Win
5 18: Win
5 19: Win
5 20: Lose
5 21: Lose
5 22: Lose
5 23: Lose
5 24: Lose
5 25: Win
5 26: Win
5 27: Win
5 28: Lose
5 29: Win
5 30: Win
5 31: Lose
5 32: Win
