6 0:Lose
6 10:Lose
6 11:Win
6 12:Lose
6 13:Win
6 14:Lose
6 15:Lose
6 16:Lose
6 17:Lose
6 18:Win
6 19:Lose
6 1:Lose
6 2:Lose
6 3:Lose
6 4:Win
6 5:Lose
6 6:Win
6 7:Lose
6 8:Win
6 9:Lose
